00:00 +0: loading D:/Releven/Bandait/test/data/repositories/audio_settings_repository_test.dart
00:00 +0: D:/Releven/Bandait/test/data/repositories/audio_settings_repository_test.dart: SoLoudAudioEngine Persistence getGlobalOffset returns stored value from SharedPreferences
00:00 +1: D:/Releven/Bandait/test/data/repositories/audio_settings_repository_test.dart: SoLoudAudioEngine Persistence setBufferLength updates preferences
00:00 +2: D:/Releven/Bandait/test/data/repositories/song_repository_test.dart: SongRepository CRUD getSongs returns empty initially
00:00 +3: D:/Releven/Bandait/test/data/repositories/song_repository_test.dart: SongRepository CRUD saveSong adds a song
00:00 +4: D:/Releven/Bandait/test/data/repositories/song_repository_test.dart: SongRepository CRUD getSong returns correct song
00:00 +5: D:/Releven/Bandait/test/data/repositories/song_repository_test.dart: SongRepository CRUD deleteSong removes item
00:00 +6: D:/Releven/Bandait/test/network/clock_service_test.dart: ClockService Tests Initial state is not synced
00:00 +7: D:/Releven/Bandait/test/network/clock_service_test.dart: ClockService Tests Calculates offset correctly (NTP logic)
00:00 +8: D:/Releven/Bandait/test/network/clock_service_test.dart: ClockService Tests Metronome emits beats
00:01 +8 -1: D:/Releven/Bandait/test/network/clock_service_test.dart: ClockService Tests Metronome emits beats [E]
  Bad state: GetIt: Object/factory with type AudioEngine is not registered inside GetIt. 
  (Did you accidentally do GetIt sl=GetIt.instance(); instead of GetIt sl=GetIt.instance;
  Did you forget to register it?)
  package:get_it/get_it_impl.dart 14:19                  throwIfNot
  package:get_it/get_it_impl.dart 435:5                  _GetItImplementation._findFactoryByNameAndType
  package:get_it/get_it_impl.dart 463:29                 _GetItImplementation.get
  package:get_it/get_it_impl.dart 554:12                 _GetItImplementation.call
  package:bandait/data/network/clock_service.dart 9:40   ClockService._audioEngine
  package:bandait/data/network/clock_service.dart 80:11  ClockService._rescheduleNextBeat.<fn>
  ===== asynchronous gap ===========================
  dart:async                                             new Timer
  package:bandait/data/network/clock_service.dart 74:23  ClockService._rescheduleNextBeat
  package:bandait/data/network/clock_service.dart 40:5   ClockService.startMetronome
  test\network\clock_service_test.dart 61:20             main.<fn>.<fn>
  
00:01 +8 -1: D:/Releven/Bandait/test/network/socket_integration_test.dart: Socket Integration Tests (setUpAll)
SocketServer listening on port 0
00:01 +8 -1: D:/Releven/Bandait/test/network/socket_integration_test.dart: Socket Integration Tests Client can connect to Server and handshake
00:01 +8 -1: D:/Releven/Bandait/test/network/socket_integration_test.dart: Socket Integration Tests (setUpAll)
New Client Connected: 127.0.0.1
00:01 +8 -1: D:/Releven/Bandait/test/network/socket_integration_test.dart: Socket Integration Tests Client can connect to Server and handshake
Connected to 127.0.0.1:43602
00:01 +9 -1: D:/Releven/Bandait/test/network/socket_integration_test.dart: Socket Integration Tests Client receives PONG after sending PING (Latency Test)
00:01 +9 -1: D:/Releven/Bandait/test/network/socket_integration_test.dart: Socket Integration Tests (setUpAll)
Client Disconnected
00:01 +9 -1: D:/Releven/Bandait/test/network/socket_integration_test.dart: Socket Integration Tests Client can connect to Server and handshake
Server disconnected
00:01 +9 -1: D:/Releven/Bandait/test/network/socket_integration_test.dart: Socket Integration Tests (setUpAll)
New Client Connected: 127.0.0.1
00:01 +9 -1: D:/Releven/Bandait/test/network/socket_integration_test.dart: Socket Integration Tests Client receives PONG after sending PING (Latency Test)
Connected to 127.0.0.1:43602
Measured latency: 4ms
00:01 +10 -1: D:/Releven/Bandait/test/network/socket_integration_test.dart: Socket Integration Tests Server broadcasts message to connected client
00:01 +10 -1: D:/Releven/Bandait/test/network/socket_integration_test.dart: Socket Integration Tests (setUpAll)
Client Disconnected
00:01 +10 -1: D:/Releven/Bandait/test/network/socket_integration_test.dart: Socket Integration Tests Client receives PONG after sending PING (Latency Test)
Server disconnected
00:01 +10 -1: D:/Releven/Bandait/test/network/socket_integration_test.dart: Socket Integration Tests (setUpAll)
New Client Connected: 127.0.0.1
00:01 +10 -1: D:/Releven/Bandait/test/network/socket_integration_test.dart: Socket Integration Tests Server broadcasts message to connected client
Connected to 127.0.0.1:43602
00:01 +11 -1: D:/Releven/Bandait/test/network/socket_integration_test.dart: Socket Integration Tests (setUpAll)
Client Disconnected
00:01 +11 -1: D:/Releven/Bandait/test/network/socket_integration_test.dart: Socket Integration Tests Server broadcasts message to connected client
Server disconnected
00:01 +11 -1: D:/Releven/Bandait/test/network/socket_integration_test.dart: Socket Integration Tests (tearDownAll)
00:02 +11 -1: D:/Releven/Bandait/test/presentation/pages/audio_settings_screen_test.dart: AudioSettingsScreen loads and displays properties
ÔòÉÔòÉÔòí EXCEPTION CAUGHT BY WIDGETS LIBRARY Ôò×ÔòÉÔòÉÔòÉÔòÉÔòÉÔòÉÔòÉÔòÉÔòÉÔòÉÔòÉÔòÉÔòÉÔòÉÔòÉÔòÉÔòÉÔòÉÔòÉÔòÉÔòÉÔòÉÔòÉÔòÉÔòÉÔòÉÔòÉÔòÉÔòÉÔòÉÔòÉÔòÉÔòÉÔòÉÔòÉÔòÉÔòÉÔòÉÔòÉÔòÉÔòÉÔòÉÔòÉÔòÉÔòÉÔòÉÔòÉÔòÉÔòÉÔòÉÔòÉÔòÉÔòÉÔòÉÔòÉÔòÉÔòÉÔòÉÔòÉ
The following StateError was thrown building Builder:
Bad state: GetIt: Object/factory with type AudioEngine is not registered inside GetIt.
(Did you accidentally do GetIt sl=GetIt.instance(); instead of GetIt sl=GetIt.instance;
Did you forget to register it?)

The relevant error-causing widget was:
  MaterialApp
  MaterialApp:file:///D:/Releven/Bandait/test/presentation/pages/audio_settings_screen_test.dart:46:35

When the exception was thrown, this was the stack:
#0      throwIfNot (package:get_it/get_it_impl.dart:14:19)
#1      _GetItImplementation._findFactoryByNameAndType (package:get_it/get_it_impl.dart:435:5)
#2      _GetItImplementation.get (package:get_it/get_it_impl.dart:463:29)
#3      _GetItImplementation.call (package:get_it/get_it_impl.dart:554:12)
#4      new _AudioSettingsScreenState (package:bandait/presentation/pages/audio_settings/audio_settings_screen.dart:13:29)
#5      AudioSettingsScreen.createState (package:bandait/presentation/pages/audio_settings/audio_settings_screen.dart:9:47)
#6      new StatefulElement (package:flutter/src/widgets/framework.dart:5905:60)
#7      StatefulWidget.createElement (package:flutter/src/widgets/framework.dart:779:38)
...     Normal element mounting (260 frames)
#267    Element.inflateWidget (package:flutter/src/widgets/framework.dart:4590:20)
#268    MultiChildRenderObjectElement.inflateWidget (package:flutter/src/widgets/framework.dart:7269:36)
#269    MultiChildRenderObjectElement.mount (package:flutter/src/widgets/framework.dart:7285:32)
...     Normal element mounting (465 frames)
#734    Element.inflateWidget (package:flutter/src/widgets/framework.dart:4590:20)
#735    Element.updateChild (package:flutter/src/widgets/framework.dart:4053:20)
#736    ComponentElement.performRebuild (package:flutter/src/widgets/framework.dart:5844:16)
#737    Element.rebuild (package:flutter/src/widgets/framework.dart:5532:7)
#738    ProxyElement.update (package:flutter/src/widgets/framework.dart:6152:5)
#739    _InheritedNotifierElement.update (package:flutter/src/widgets/inherited_notifier.dart:108:11)
#740    Element.updateChild (package:flutter/src/widgets/framework.dart:4037:15)
#741    ComponentElement.performRebuild (package:flutter/src/widgets/framework.dart:5844:16)
#742    StatefulElement.performRebuild (package:flutter/src/widgets/framework.dart:5985:11)
#743    Element.rebuild (package:flutter/src/widgets/framework.dart:5532:7)
#744    StatefulElement.update (package:flutter/src/widgets/framework.dart:6010:5)
#745    Element.updateChild (package:flutter/src/widgets/framework.dart:4037:15)
#746    ComponentElement.performRebuild (package:flutter/src/widgets/framework.dart:5844:16)
#747    Element.rebuild (package:flutter/src/widgets/framework.dart:5532:7)
#748    ProxyElement.update (package:flutter/src/widgets/framework.dart:6152:5)
#749    _InheritedNotifierElement.update (package:flutter/src/widgets/inherited_notifier.dart:108:11)
#750    Element.updateChild (package:flutter/src/widgets/framework.dart:4037:15)
#751    ComponentElement.performRebuild (package:flutter/src/widgets/framework.dart:5844:16)
#752    StatefulElement.performRebuild (package:flutter/src/widgets/framework.dart:5985:11)
#753    Element.rebuild (package:flutter/src/widgets/framework.dart:5532:7)
#754    StatefulElement.update (package:flutter/src/widgets/framework.dart:6010:5)
#755    Element.updateChild (package:flutter/src/widgets/framework.dart:4037:15)
#756    ComponentElement.performRebuild (package:flutter/src/widgets/framework.dart:5844:16)
#757    StatefulElement.performRebuild (package:flutter/src/widgets/framework.dart:5985:11)
#758    Element.rebuild (package:flutter/src/widgets/framework.dart:5532:7)
#759    StatefulElement.update (package:flutter/src/widgets/framework.dart:6010:5)
#760    Element.updateChild (package:flutter/src/widgets/framework.dart:4037:15)
#761    ComponentElement.performRebuild (package:flutter/src/widgets/framework.dart:5844:16)
#762    Element.rebuild (package:flutter/src/widgets/framework.dart:5532:7)
#763    ProxyElement.update (package:flutter/src/widgets/framework.dart:6152:5)
#764    Element.updateChild (package:flutter/src/widgets/framework.dart:4037:15)
#765    ComponentElement.performRebuild (package:flutter/src/widgets/framework.dart:5844:16)
#766    StatefulElement.performRebuild (package:flutter/src/widgets/framework.dart:5985:11)
#767    Element.rebuild (package:flutter/src/widgets/framework.dart:5532:7)
#768    StatefulElement.update (package:flutter/src/widgets/framework.dart:6010:5)
#769    Element.updateChild (package:flutter/src/widgets/framework.dart:4037:15)
#770    ComponentElement.performRebuild (package:flutter/src/widgets/framework.dart:5844:16)
#771    Element.rebuild (package:flutter/src/widgets/framework.dart:5532:7)
#772    ProxyElement.update (package:flutter/src/widgets/framework.dart:6152:5)
#773    Element.updateChild (package:flutter/src/widgets/framework.dart:4037:15)
#774    ComponentElement.performRebuild (package:flutter/src/widgets/framework.dart:5844:16)
#775    Element.rebuild (package:flutter/src/widgets/framework.dart:5532:7)
#776    ProxyElement.update (package:flutter/src/widgets/framework.dart:6152:5)
#777    Element.updateChild (package:flutter/src/widgets/framework.dart:4037:15)
#778    _RawViewElement._updateChild (package:flutter/src/widgets/view.dart:481:16)
#779    _RawViewElement.update (package:flutter/src/widgets/view.dart:568:5)
#780    Element.updateChild (package:flutter/src/widgets/framework.dart:4037:15)
#781    ComponentElement.performRebuild (package:flutter/src/widgets/framework.dart:5844:16)
#782    Element.rebuild (package:flutter/src/widgets/framework.dart:5532:7)
#783    StatelessElement.update (package:flutter/src/widgets/framework.dart:5898:5)
#784    Element.updateChild (package:flutter/src/widgets/framework.dart:4037:15)
#785    ComponentElement.performRebuild (package:flutter/src/widgets/framework.dart:5844:16)
#786    StatefulElement.performRebuild (package:flutter/src/widgets/framework.dart:5985:11)
#787    Element.rebuild (package:flutter/src/widgets/framework.dart:5532:7)
#788    StatefulElement.update (package:flutter/src/widgets/framework.dart:6010:5)
#789    Element.updateChild (package:flutter/src/widgets/framework.dart:4037:15)
#790    RootElement._rebuild (package:flutter/src/widgets/binding.dart:1782:16)
#791    RootElement.update (package:flutter/src/widgets/binding.dart:1760:5)
#792    RootElement.performRebuild (package:flutter/src/widgets/binding.dart:1774:7)
#793    Element.rebuild (package:flutter/src/widgets/framework.dart:5532:7)
#794    BuildScope._tryRebuild (package:flutter/src/widgets/framework.dart:2750:15)
#795    BuildScope._flushDirtyElements (package:flutter/src/widgets/framework.dart:2807:11)
#796    BuildOwner.buildScope (package:flutter/src/widgets/framework.dart:3111:18)
#797    AutomatedTestWidgetsFlutterBinding.drawFrame (package:flutter_test/src/binding.dart:1506:19)
#798    RendererBinding._handlePersistentFrameCallback (package:flutter/src/rendering/binding.dart:495:5)
#799    SchedulerBinding._invokeFrameCallback (package:flutter/src/scheduler/binding.dart:1434:15)
#800    SchedulerBinding.handleDrawFrame (package:flutter/src/scheduler/binding.dart:1347:9)
#801    AutomatedTestWidgetsFlutterBinding.pump.<anonymous closure> (package:flutter_test/src/binding.dart:1335:9)
#804    TestAsyncUtils.guard (package:flutter_test/src/test_async_utils.dart:74:41)
#805    AutomatedTestWidgetsFlutterBinding.pump (package:flutter_test/src/binding.dart:1324:27)
#806    WidgetTester.pumpWidget.<anonymous closure> (package:flutter_test/src/widget_tester.dart:598:22)
#809    TestAsyncUtils.guard (package:flutter_test/src/test_async_utils.dart:74:41)
#810    WidgetTester.pumpWidget (package:flutter_test/src/widget_tester.dart:595:27)
#811    main.<anonymous closure> (file:///D:/Releven/Bandait/test/presentation/pages/audio_settings_screen_test.dart:46:18)
#812    testWidgets.<anonymous closure>.<anonymous closure> (package:flutter_test/src/widget_tester.dart:192:29)
<asynchronous suspension>
#813    TestWidgetsFlutterBinding._runTestBody (package:flutter_test/src/binding.dart:1059:5)
<asynchronous suspension>
<asynchronous suspension>
(elided 5 frames from dart:async and package:stack_trace)

ÔòÉÔòÉÔòÉÔòÉÔòÉÔòÉÔòÉÔòÉÔòÉÔòÉÔòÉÔòÉÔòÉÔòÉÔòÉÔòÉÔòÉÔòÉÔòÉÔòÉÔòÉÔòÉÔòÉÔòÉÔòÉÔòÉÔòÉÔòÉÔòÉÔòÉÔòÉÔòÉÔòÉÔòÉÔòÉÔòÉÔòÉÔòÉÔòÉÔòÉÔòÉÔòÉÔòÉÔòÉÔòÉÔòÉÔòÉÔòÉÔòÉÔòÉÔòÉÔòÉÔòÉÔòÉÔòÉÔòÉÔòÉÔòÉÔòÉÔòÉÔòÉÔòÉÔòÉÔòÉÔòÉÔòÉÔòÉÔòÉÔòÉÔòÉÔòÉÔòÉÔòÉÔòÉÔòÉÔòÉÔòÉÔòÉÔòÉÔòÉÔòÉÔòÉÔòÉÔòÉÔòÉÔòÉÔòÉÔòÉÔòÉÔòÉÔòÉÔòÉÔòÉÔòÉÔòÉÔòÉÔòÉÔòÉÔòÉÔòÉ
ÔòÉÔòÉÔòí EXCEPTION CAUGHT BY FLUTTER TEST FRAMEWORK Ôò×ÔòÉÔòÉÔòÉÔòÉÔòÉÔòÉÔòÉÔòÉÔòÉÔòÉÔòÉÔòÉÔòÉÔòÉÔòÉÔòÉÔòÉÔòÉÔòÉÔòÉÔòÉÔòÉÔòÉÔòÉÔòÉÔòÉÔòÉÔòÉÔòÉÔòÉÔòÉÔòÉÔòÉÔòÉÔòÉÔòÉÔòÉÔòÉÔòÉÔòÉÔòÉÔòÉÔòÉÔòÉÔòÉÔòÉÔòÉÔòÉÔòÉÔòÉÔòÉÔòÉ
The following TestFailure was thrown running a test:
Expected: exactly one matching candidate
  Actual: _TextWidgetFinder:<Found 0 widgets with text "AUDIO ENGINE": []>
   Which: means none were found but one was expected

When the exception was thrown, this was the stack:
#4      main.<anonymous closure> (file:///D:/Releven/Bandait/test/presentation/pages/audio_settings_screen_test.dart:52:5)
<asynchronous suspension>
#5      testWidgets.<anonymous closure>.<anonymous closure> (package:flutter_test/src/widget_tester.dart:192:15)
<asynchronous suspension>
#6      TestWidgetsFlutterBinding._runTestBody (package:flutter_test/src/binding.dart:1059:5)
<asynchronous suspension>
<asynchronous suspension>
(elided one frame from package:stack_trace)

This was caught by the test expectation on the following line:
  file:///D:/Releven/Bandait/test/presentation/pages/audio_settings_screen_test.dart line 52
The test description was:
  AudioSettingsScreen loads and displays properties
ÔòÉÔòÉÔòÉÔòÉÔòÉÔòÉÔòÉÔòÉÔòÉÔòÉÔòÉÔòÉÔòÉÔòÉÔòÉÔòÉÔòÉÔòÉÔòÉÔòÉÔòÉÔòÉÔòÉÔòÉÔòÉÔòÉÔòÉÔòÉÔòÉÔòÉÔòÉÔòÉÔòÉÔòÉÔòÉÔòÉÔòÉÔòÉÔòÉÔòÉÔòÉÔòÉÔòÉÔòÉÔòÉÔòÉÔòÉÔòÉÔòÉÔòÉÔòÉÔòÉÔòÉÔòÉÔòÉÔòÉÔòÉÔòÉÔòÉÔòÉÔòÉÔòÉÔòÉÔòÉÔòÉÔòÉÔòÉÔòÉÔòÉÔòÉÔòÉÔòÉÔòÉÔòÉÔòÉÔòÉÔòÉÔòÉÔòÉÔòÉÔòÉÔòÉÔòÉÔòÉÔòÉÔòÉÔòÉÔòÉÔòÉÔòÉÔòÉÔòÉÔòÉÔòÉÔòÉÔòÉÔòÉÔòÉÔòÉÔòÉ
ÔòÉÔòÉÔòí EXCEPTION CAUGHT BY FLUTTER TEST FRAMEWORK Ôò×ÔòÉÔòÉÔòÉÔòÉÔòÉÔòÉÔòÉÔòÉÔòÉÔòÉÔòÉÔòÉÔòÉÔòÉÔòÉÔòÉÔòÉÔòÉÔòÉÔòÉÔòÉÔòÉÔòÉÔòÉÔòÉÔòÉÔòÉÔòÉÔòÉÔòÉÔòÉÔòÉÔòÉÔòÉÔòÉÔòÉÔòÉÔòÉÔòÉÔòÉÔòÉÔòÉÔòÉÔòÉÔòÉÔòÉÔòÉÔòÉÔòÉÔòÉÔòÉÔòÉ
The following message was thrown:
Multiple exceptions (2) were detected during the running of the current test, and at least one was
unexpected.
ÔòÉÔòÉÔòÉÔòÉÔòÉÔòÉÔòÉÔòÉÔòÉÔòÉÔòÉÔòÉÔòÉÔòÉÔòÉÔòÉÔòÉÔòÉÔòÉÔòÉÔòÉÔòÉÔòÉÔòÉÔòÉÔòÉÔòÉÔòÉÔòÉÔòÉÔòÉÔòÉÔòÉÔòÉÔòÉÔòÉÔòÉÔòÉÔòÉÔòÉÔòÉÔòÉÔòÉÔòÉÔòÉÔòÉÔòÉÔòÉÔòÉÔòÉÔòÉÔòÉÔòÉÔòÉÔòÉÔòÉÔòÉÔòÉÔòÉÔòÉÔòÉÔòÉÔòÉÔòÉÔòÉÔòÉÔòÉÔòÉÔòÉÔòÉÔòÉÔòÉÔòÉÔòÉÔòÉÔòÉÔòÉÔòÉÔòÉÔòÉÔòÉÔòÉÔòÉÔòÉÔòÉÔòÉÔòÉÔòÉÔòÉÔòÉÔòÉÔòÉÔòÉÔòÉÔòÉÔòÉÔòÉÔòÉÔòÉÔòÉ
00:03 +11 -2: D:/Releven/Bandait/test/presentation/pages/leader_lobby_page_test.dart: LeaderLobbyPage generates QR and shows peers
00:03 +11 -2: D:/Releven/Bandait/test/presentation/pages/audio_settings_screen_test.dart: AudioSettingsScreen loads and displays properties [E]
  Test failed. See exception logs above.
  The test description was: AudioSettingsScreen loads and displays properties
  
00:04 +11 -2: D:/Releven/Bandait/test/presentation/pages/leader_lobby_page_test.dart: LeaderLobbyPage generates QR and shows peers
ÔòÉÔòÉÔòí EXCEPTION CAUGHT BY WIDGETS LIBRARY Ôò×ÔòÉÔòÉÔòÉÔòÉÔòÉÔòÉÔòÉÔòÉÔòÉÔòÉÔòÉÔòÉÔòÉÔòÉÔòÉÔòÉÔòÉÔòÉÔòÉÔòÉÔòÉÔòÉÔòÉÔòÉÔòÉÔòÉÔòÉÔòÉÔòÉÔòÉÔòÉÔòÉÔòÉÔòÉÔòÉÔòÉÔòÉÔòÉÔòÉÔòÉÔòÉÔòÉÔòÉÔòÉÔòÉÔòÉÔòÉÔòÉÔòÉÔòÉÔòÉÔòÉÔòÉÔòÉÔòÉÔòÉÔòÉÔòÉÔòÉ
The following StateError was thrown building LeaderLobbyPage(dirty, state:
_LeaderLobbyPageState#7b147):
Bad state: GetIt: Object/factory with type AudioEngine is not registered inside GetIt.
(Did you accidentally do GetIt sl=GetIt.instance(); instead of GetIt sl=GetIt.instance;
Did you forget to register it?)

The relevant error-causing widget was:
  LeaderLobbyPage
  LeaderLobbyPage:file:///D:/Releven/Bandait/test/presentation/pages/leader_lobby_page_test.dart:76:25

When the exception was thrown, this was the stack:
#0      throwIfNot (package:get_it/get_it_impl.dart:14:19)
#1      _GetItImplementation._findFactoryByNameAndType (package:get_it/get_it_impl.dart:435:5)
#2      _GetItImplementation.get (package:get_it/get_it_impl.dart:463:29)
#3      _GetItImplementation.call (package:get_it/get_it_impl.dart:554:12)
#4      _LeaderLobbyPageState.build (package:bandait/presentation/pages/connect/leader_lobby_page.dart:99:20)
#5      StatefulElement.build (package:flutter/src/widgets/framework.dart:5934:27)
#6      ComponentElement.performRebuild (package:flutter/src/widgets/framework.dart:5820:15)
#7      StatefulElement.performRebuild (package:flutter/src/widgets/framework.dart:5985:11)
#8      Element.rebuild (package:flutter/src/widgets/framework.dart:5532:7)
#9      ComponentElement._firstBuild (package:flutter/src/widgets/framework.dart:5802:5)
#10     StatefulElement._firstBuild (package:flutter/src/widgets/framework.dart:5976:11)
#11     ComponentElement.mount (package:flutter/src/widgets/framework.dart:5796:5)
...     Normal element mounting (260 frames)
#271    Element.inflateWidget (package:flutter/src/widgets/framework.dart:4590:20)
#272    MultiChildRenderObjectElement.inflateWidget (package:flutter/src/widgets/framework.dart:7269:36)
#273    MultiChildRenderObjectElement.mount (package:flutter/src/widgets/framework.dart:7285:32)
...     Normal element mounting (465 frames)
#738    Element.inflateWidget (package:flutter/src/widgets/framework.dart:4590:20)
#739    Element.updateChild (package:flutter/src/widgets/framework.dart:4053:20)
#740    ComponentElement.performRebuild (package:flutter/src/widgets/framework.dart:5844:16)
#741    Element.rebuild (package:flutter/src/widgets/framework.dart:5532:7)
#742    ProxyElement.update (package:flutter/src/widgets/framework.dart:6152:5)
#743    _InheritedNotifierElement.update (package:flutter/src/widgets/inherited_notifier.dart:108:11)
#744    Element.updateChild (package:flutter/src/widgets/framework.dart:4037:15)
#745    ComponentElement.performRebuild (package:flutter/src/widgets/framework.dart:5844:16)
#746    StatefulElement.performRebuild (package:flutter/src/widgets/framework.dart:5985:11)
#747    Element.rebuild (package:flutter/src/widgets/framework.dart:5532:7)
#748    StatefulElement.update (package:flutter/src/widgets/framework.dart:6010:5)
#749    Element.updateChild (package:flutter/src/widgets/framework.dart:4037:15)
#750    ComponentElement.performRebuild (package:flutter/src/widgets/framework.dart:5844:16)
#751    Element.rebuild (package:flutter/src/widgets/framework.dart:5532:7)
#752    ProxyElement.update (package:flutter/src/widgets/framework.dart:6152:5)
#753    _InheritedNotifierElement.update (package:flutter/src/widgets/inherited_notifier.dart:108:11)
#754    Element.updateChild (package:flutter/src/widgets/framework.dart:4037:15)
#755    ComponentElement.performRebuild (package:flutter/src/widgets/framework.dart:5844:16)
#756    StatefulElement.performRebuild (package:flutter/src/widgets/framework.dart:5985:11)
#757    Element.rebuild (package:flutter/src/widgets/framework.dart:5532:7)
#758    StatefulElement.update (package:flutter/src/widgets/framework.dart:6010:5)
#759    Element.updateChild (package:flutter/src/widgets/framework.dart:4037:15)
#760    ComponentElement.performRebuild (package:flutter/src/widgets/framework.dart:5844:16)
#761    StatefulElement.performRebuild (package:flutter/src/widgets/framework.dart:5985:11)
#762    Element.rebuild (package:flutter/src/widgets/framework.dart:5532:7)
#763    StatefulElement.update (package:flutter/src/widgets/framework.dart:6010:5)
#764    Element.updateChild (package:flutter/src/widgets/framework.dart:4037:15)
#765    ComponentElement.performRebuild (package:flutter/src/widgets/framework.dart:5844:16)
#766    Element.rebuild (package:flutter/src/widgets/framework.dart:5532:7)
#767    ProxyElement.update (package:flutter/src/widgets/framework.dart:6152:5)
#768    Element.updateChild (package:flutter/src/widgets/framework.dart:4037:15)
#769    ComponentElement.performRebuild (package:flutter/src/widgets/framework.dart:5844:16)
#770    StatefulElement.performRebuild (package:flutter/src/widgets/framework.dart:5985:11)
#771    Element.rebuild (package:flutter/src/widgets/framework.dart:5532:7)
#772    StatefulElement.update (package:flutter/src/widgets/framework.dart:6010:5)
#773    Element.updateChild (package:flutter/src/widgets/framework.dart:4037:15)
#774    ComponentElement.performRebuild (package:flutter/src/widgets/framework.dart:5844:16)
#775    Element.rebuild (package:flutter/src/widgets/framework.dart:5532:7)
#776    ProxyElement.update (package:flutter/src/widgets/framework.dart:6152:5)
#777    Element.updateChild (package:flutter/src/widgets/framework.dart:4037:15)
#778    ComponentElement.performRebuild (package:flutter/src/widgets/framework.dart:5844:16)
#779    Element.rebuild (package:flutter/src/widgets/framework.dart:5532:7)
#780    ProxyElement.update (package:flutter/src/widgets/framework.dart:6152:5)
#781    Element.updateChild (package:flutter/src/widgets/framework.dart:4037:15)
#782    _RawViewElement._updateChild (package:flutter/src/widgets/view.dart:481:16)
#783    _RawViewElement.update (package:flutter/src/widgets/view.dart:568:5)
#784    Element.updateChild (package:flutter/src/widgets/framework.dart:4037:15)
#785    ComponentElement.performRebuild (package:flutter/src/widgets/framework.dart:5844:16)
#786    Element.rebuild (package:flutter/src/widgets/framework.dart:5532:7)
#787    StatelessElement.update (package:flutter/src/widgets/framework.dart:5898:5)
#788    Element.updateChild (package:flutter/src/widgets/framework.dart:4037:15)
#789    ComponentElement.performRebuild (package:flutter/src/widgets/framework.dart:5844:16)
#790    StatefulElement.performRebuild (package:flutter/src/widgets/framework.dart:5985:11)
#791    Element.rebuild (package:flutter/src/widgets/framework.dart:5532:7)
#792    StatefulElement.update (package:flutter/src/widgets/framework.dart:6010:5)
#793    Element.updateChild (package:flutter/src/widgets/framework.dart:4037:15)
#794    RootElement._rebuild (package:flutter/src/widgets/binding.dart:1782:16)
#795    RootElement.update (package:flutter/src/widgets/binding.dart:1760:5)
#796    RootElement.performRebuild (package:flutter/src/widgets/binding.dart:1774:7)
#797    Element.rebuild (package:flutter/src/widgets/framework.dart:5532:7)
#798    BuildScope._tryRebuild (package:flutter/src/widgets/framework.dart:2750:15)
#799    BuildScope._flushDirtyElements (package:flutter/src/widgets/framework.dart:2807:11)
#800    BuildOwner.buildScope (package:flutter/src/widgets/framework.dart:3111:18)
#801    AutomatedTestWidgetsFlutterBinding.drawFrame (package:flutter_test/src/binding.dart:1506:19)
#802    RendererBinding._handlePersistentFrameCallback (package:flutter/src/rendering/binding.dart:495:5)
#803    SchedulerBinding._invokeFrameCallback (package:flutter/src/scheduler/binding.dart:1434:15)
#804    SchedulerBinding.handleDrawFrame (package:flutter/src/scheduler/binding.dart:1347:9)
#805    AutomatedTestWidgetsFlutterBinding.pump.<anonymous closure> (package:flutter_test/src/binding.dart:1335:9)
#808    TestAsyncUtils.guard (package:flutter_test/src/test_async_utils.dart:74:41)
#809    AutomatedTestWidgetsFlutterBinding.pump (package:flutter_test/src/binding.dart:1324:27)
#810    WidgetTester.pumpWidget.<anonymous closure> (package:flutter_test/src/widget_tester.dart:598:22)
#813    TestAsyncUtils.guard (package:flutter_test/src/test_async_utils.dart:74:41)
#814    WidgetTester.pumpWidget (package:flutter_test/src/widget_tester.dart:595:27)
#815    main.<anonymous closure> (file:///D:/Releven/Bandait/test/presentation/pages/leader_lobby_page_test.dart:75:18)
#816    testWidgets.<anonymous closure>.<anonymous closure> (package:flutter_test/src/widget_tester.dart:192:29)
<asynchronous suspension>
#817    TestWidgetsFlutterBinding._runTestBody (package:flutter_test/src/binding.dart:1059:5)
<asynchronous suspension>
<asynchronous suspension>
(elided 5 frames from dart:async and package:stack_trace)

ÔòÉÔòÉÔòÉÔòÉÔòÉÔòÉÔòÉÔòÉÔòÉÔòÉÔòÉÔòÉÔòÉÔòÉÔòÉÔòÉÔòÉÔòÉÔòÉÔòÉÔòÉÔòÉÔòÉÔòÉÔòÉÔòÉÔòÉÔòÉÔòÉÔòÉÔòÉÔòÉÔòÉÔòÉÔòÉÔòÉÔòÉÔòÉÔòÉÔòÉÔòÉÔòÉÔòÉÔòÉÔòÉÔòÉÔòÉÔòÉÔòÉÔòÉÔòÉÔòÉÔòÉÔòÉÔòÉÔòÉÔòÉÔòÉÔòÉÔòÉÔòÉÔòÉÔòÉÔòÉÔòÉÔòÉÔòÉÔòÉÔòÉÔòÉÔòÉÔòÉÔòÉÔòÉÔòÉÔòÉÔòÉÔòÉÔòÉÔòÉÔòÉÔòÉÔòÉÔòÉÔòÉÔòÉÔòÉÔòÉÔòÉÔòÉÔòÉÔòÉÔòÉÔòÉÔòÉÔòÉÔòÉÔòÉÔòÉÔòÉ
ÔòÉÔòÉÔòí EXCEPTION CAUGHT BY FLUTTER TEST FRAMEWORK Ôò×ÔòÉÔòÉÔòÉÔòÉÔòÉÔòÉÔòÉÔòÉÔòÉÔòÉÔòÉÔòÉÔòÉÔòÉÔòÉÔòÉÔòÉÔòÉÔòÉÔòÉÔòÉÔòÉÔòÉÔòÉÔòÉÔòÉÔòÉÔòÉÔòÉÔòÉÔòÉÔòÉÔòÉÔòÉÔòÉÔòÉÔòÉÔòÉÔòÉÔòÉÔòÉÔòÉÔòÉÔòÉÔòÉÔòÉÔòÉÔòÉÔòÉÔòÉÔòÉÔòÉ
The following TestFailure was thrown running a test:
Expected: exactly one matching candidate
  Actual: _TextWidgetFinder:<Found 0 widgets with text "BAND LEADER": []>
   Which: means none were found but one was expected

When the exception was thrown, this was the stack:
#4      main.<anonymous closure> (file:///D:/Releven/Bandait/test/presentation/pages/leader_lobby_page_test.dart:81:5)
<asynchronous suspension>
#5      testWidgets.<anonymous closure>.<anonymous closure> (package:flutter_test/src/widget_tester.dart:192:15)
<asynchronous suspension>
#6      TestWidgetsFlutterBinding._runTestBody (package:flutter_test/src/binding.dart:1059:5)
<asynchronous suspension>
<asynchronous suspension>
(elided one frame from package:stack_trace)

This was caught by the test expectation on the following line:
  file:///D:/Releven/Bandait/test/presentation/pages/leader_lobby_page_test.dart line 81
The test description was:
  LeaderLobbyPage generates QR and shows peers
ÔòÉÔòÉÔòÉÔòÉÔòÉÔòÉÔòÉÔòÉÔòÉÔòÉÔòÉÔòÉÔòÉÔòÉÔòÉÔòÉÔòÉÔòÉÔòÉÔòÉÔòÉÔòÉÔòÉÔòÉÔòÉÔòÉÔòÉÔòÉÔòÉÔòÉÔòÉÔòÉÔòÉÔòÉÔòÉÔòÉÔòÉÔòÉÔòÉÔòÉÔòÉÔòÉÔòÉÔòÉÔòÉÔòÉÔòÉÔòÉÔòÉÔòÉÔòÉÔòÉÔòÉÔòÉÔòÉÔòÉÔòÉÔòÉÔòÉÔòÉÔòÉÔòÉÔòÉÔòÉÔòÉÔòÉÔòÉÔòÉÔòÉÔòÉÔòÉÔòÉÔòÉÔòÉÔòÉÔòÉÔòÉÔòÉÔòÉÔòÉÔòÉÔòÉÔòÉÔòÉÔòÉÔòÉÔòÉÔòÉÔòÉÔòÉÔòÉÔòÉÔòÉÔòÉÔòÉÔòÉÔòÉÔòÉÔòÉÔòÉ
ÔòÉÔòÉÔòí EXCEPTION CAUGHT BY FLUTTER TEST FRAMEWORK Ôò×ÔòÉÔòÉÔòÉÔòÉÔòÉÔòÉÔòÉÔòÉÔòÉÔòÉÔòÉÔòÉÔòÉÔòÉÔòÉÔòÉÔòÉÔòÉÔòÉÔòÉÔòÉÔòÉÔòÉÔòÉÔòÉÔòÉÔòÉÔòÉÔòÉÔòÉÔòÉÔòÉÔòÉÔòÉÔòÉÔòÉÔòÉÔòÉÔòÉÔòÉÔòÉÔòÉÔòÉÔòÉÔòÉÔòÉÔòÉÔòÉÔòÉÔòÉÔòÉÔòÉ
The following message was thrown:
Multiple exceptions (2) were detected during the running of the current test, and at least one was
unexpected.
ÔòÉÔòÉÔòÉÔòÉÔòÉÔòÉÔòÉÔòÉÔòÉÔòÉÔòÉÔòÉÔòÉÔòÉÔòÉÔòÉÔòÉÔòÉÔòÉÔòÉÔòÉÔòÉÔòÉÔòÉÔòÉÔòÉÔòÉÔòÉÔòÉÔòÉÔòÉÔòÉÔòÉÔòÉÔòÉÔòÉÔòÉÔòÉÔòÉÔòÉÔòÉÔòÉÔòÉÔòÉÔòÉÔòÉÔòÉÔòÉÔòÉÔòÉÔòÉÔòÉÔòÉÔòÉÔòÉÔòÉÔòÉÔòÉÔòÉÔòÉÔòÉÔòÉÔòÉÔòÉÔòÉÔòÉÔòÉÔòÉÔòÉÔòÉÔòÉÔòÉÔòÉÔòÉÔòÉÔòÉÔòÉÔòÉÔòÉÔòÉÔòÉÔòÉÔòÉÔòÉÔòÉÔòÉÔòÉÔòÉÔòÉÔòÉÔòÉÔòÉÔòÉÔòÉÔòÉÔòÉÔòÉÔòÉÔòÉÔòÉ
00:04 +11 -3: D:/Releven/Bandait/test/presentation/pages/song_library_page_test.dart: SongLibraryPage displays list of songs
00:04 +11 -3: D:/Releven/Bandait/test/presentation/pages/leader_lobby_page_test.dart: LeaderLobbyPage generates QR and shows peers [E]
  Test failed. See exception logs above.
  The test description was: LeaderLobbyPage generates QR and shows peers
  
00:04 +11 -3: D:/Releven/Bandait/test/presentation/pages/song_library_page_test.dart: SongLibraryPage displays list of songs
ÔòÉÔòÉÔòí EXCEPTION CAUGHT BY WIDGETS LIBRARY Ôò×ÔòÉÔòÉÔòÉÔòÉÔòÉÔòÉÔòÉÔòÉÔòÉÔòÉÔòÉÔòÉÔòÉÔòÉÔòÉÔòÉÔòÉÔòÉÔòÉÔòÉÔòÉÔòÉÔòÉÔòÉÔòÉÔòÉÔòÉÔòÉÔòÉÔòÉÔòÉÔòÉÔòÉÔòÉÔòÉÔòÉÔòÉÔòÉÔòÉÔòÉÔòÉÔòÉÔòÉÔòÉÔòÉÔòÉÔòÉÔòÉÔòÉÔòÉÔòÉÔòÉÔòÉÔòÉÔòÉÔòÉÔòÉÔòÉÔòÉ
The following StateError was thrown building Builder:
Bad state: GetIt: Object/factory with type SongRepository is not registered inside GetIt.
(Did you accidentally do GetIt sl=GetIt.instance(); instead of GetIt sl=GetIt.instance;
Did you forget to register it?)

The relevant error-causing widget was:
  MaterialApp
  MaterialApp:file:///D:/Releven/Bandait/test/presentation/pages/song_library_page_test.dart:45:35

When the exception was thrown, this was the stack:
#0      throwIfNot (package:get_it/get_it_impl.dart:14:19)
#1      _GetItImplementation._findFactoryByNameAndType (package:get_it/get_it_impl.dart:435:5)
#2      _GetItImplementation.get (package:get_it/get_it_impl.dart:463:29)
#3      _GetItImplementation.call (package:get_it/get_it_impl.dart:554:12)
#4      new _SongLibraryPageState (package:bandait/presentation/pages/library/song_library_page.dart:22:43)
#5      SongLibraryPage.createState (package:bandait/presentation/pages/library/song_library_page.dart:18:43)
#6      new StatefulElement (package:flutter/src/widgets/framework.dart:5905:60)
#7      StatefulWidget.createElement (package:flutter/src/widgets/framework.dart:779:38)
...     Normal element mounting (260 frames)
#267    Element.inflateWidget (package:flutter/src/widgets/framework.dart:4590:20)
#268    MultiChildRenderObjectElement.inflateWidget (package:flutter/src/widgets/framework.dart:7269:36)
#269    MultiChildRenderObjectElement.mount (package:flutter/src/widgets/framework.dart:7285:32)
...     Normal element mounting (465 frames)
#734    Element.inflateWidget (package:flutter/src/widgets/framework.dart:4590:20)
#735    Element.updateChild (package:flutter/src/widgets/framework.dart:4053:20)
#736    ComponentElement.performRebuild (package:flutter/src/widgets/framework.dart:5844:16)
#737    Element.rebuild (package:flutter/src/widgets/framework.dart:5532:7)
#738    ProxyElement.update (package:flutter/src/widgets/framework.dart:6152:5)
#739    _InheritedNotifierElement.update (package:flutter/src/widgets/inherited_notifier.dart:108:11)
#740    Element.updateChild (package:flutter/src/widgets/framework.dart:4037:15)
#741    ComponentElement.performRebuild (package:flutter/src/widgets/framework.dart:5844:16)
#742    StatefulElement.performRebuild (package:flutter/src/widgets/framework.dart:5985:11)
#743    Element.rebuild (package:flutter/src/widgets/framework.dart:5532:7)
#744    StatefulElement.update (package:flutter/src/widgets/framework.dart:6010:5)
#745    Element.updateChild (package:flutter/src/widgets/framework.dart:4037:15)
#746    ComponentElement.performRebuild (package:flutter/src/widgets/framework.dart:5844:16)
#747    Element.rebuild (package:flutter/src/widgets/framework.dart:5532:7)
#748    ProxyElement.update (package:flutter/src/widgets/framework.dart:6152:5)
#749    _InheritedNotifierElement.update (package:flutter/src/widgets/inherited_notifier.dart:108:11)
#750    Element.updateChild (package:flutter/src/widgets/framework.dart:4037:15)
#751    ComponentElement.performRebuild (package:flutter/src/widgets/framework.dart:5844:16)
#752    StatefulElement.performRebuild (package:flutter/src/widgets/framework.dart:5985:11)
#753    Element.rebuild (package:flutter/src/widgets/framework.dart:5532:7)
#754    StatefulElement.update (package:flutter/src/widgets/framework.dart:6010:5)
#755    Element.updateChild (package:flutter/src/widgets/framework.dart:4037:15)
#756    ComponentElement.performRebuild (package:flutter/src/widgets/framework.dart:5844:16)
#757    StatefulElement.performRebuild (package:flutter/src/widgets/framework.dart:5985:11)
#758    Element.rebuild (package:flutter/src/widgets/framework.dart:5532:7)
#759    StatefulElement.update (package:flutter/src/widgets/framework.dart:6010:5)
#760    Element.updateChild (package:flutter/src/widgets/framework.dart:4037:15)
#761    ComponentElement.performRebuild (package:flutter/src/widgets/framework.dart:5844:16)
#762    Element.rebuild (package:flutter/src/widgets/framework.dart:5532:7)
#763    ProxyElement.update (package:flutter/src/widgets/framework.dart:6152:5)
#764    Element.updateChild (package:flutter/src/widgets/framework.dart:4037:15)
#765    ComponentElement.performRebuild (package:flutter/src/widgets/framework.dart:5844:16)
#766    StatefulElement.performRebuild (package:flutter/src/widgets/framework.dart:5985:11)
#767    Element.rebuild (package:flutter/src/widgets/framework.dart:5532:7)
#768    StatefulElement.update (package:flutter/src/widgets/framework.dart:6010:5)
#769    Element.updateChild (package:flutter/src/widgets/framework.dart:4037:15)
#770    ComponentElement.performRebuild (package:flutter/src/widgets/framework.dart:5844:16)
#771    Element.rebuild (package:flutter/src/widgets/framework.dart:5532:7)
#772    ProxyElement.update (package:flutter/src/widgets/framework.dart:6152:5)
#773    Element.updateChild (package:flutter/src/widgets/framework.dart:4037:15)
#774    ComponentElement.performRebuild (package:flutter/src/widgets/framework.dart:5844:16)
#775    Element.rebuild (package:flutter/src/widgets/framework.dart:5532:7)
#776    ProxyElement.update (package:flutter/src/widgets/framework.dart:6152:5)
#777    Element.updateChild (package:flutter/src/widgets/framework.dart:4037:15)
#778    _RawViewElement._updateChild (package:flutter/src/widgets/view.dart:481:16)
#779    _RawViewElement.update (package:flutter/src/widgets/view.dart:568:5)
#780    Element.updateChild (package:flutter/src/widgets/framework.dart:4037:15)
#781    ComponentElement.performRebuild (package:flutter/src/widgets/framework.dart:5844:16)
#782    Element.rebuild (package:flutter/src/widgets/framework.dart:5532:7)
#783    StatelessElement.update (package:flutter/src/widgets/framework.dart:5898:5)
#784    Element.updateChild (package:flutter/src/widgets/framework.dart:4037:15)
#785    ComponentElement.performRebuild (package:flutter/src/widgets/framework.dart:5844:16)
#786    StatefulElement.performRebuild (package:flutter/src/widgets/framework.dart:5985:11)
#787    Element.rebuild (package:flutter/src/widgets/framework.dart:5532:7)
#788    StatefulElement.update (package:flutter/src/widgets/framework.dart:6010:5)
#789    Element.updateChild (package:flutter/src/widgets/framework.dart:4037:15)
#790    RootElement._rebuild (package:flutter/src/widgets/binding.dart:1782:16)
#791    RootElement.update (package:flutter/src/widgets/binding.dart:1760:5)
#792    RootElement.performRebuild (package:flutter/src/widgets/binding.dart:1774:7)
#793    Element.rebuild (package:flutter/src/widgets/framework.dart:5532:7)
#794    BuildScope._tryRebuild (package:flutter/src/widgets/framework.dart:2750:15)
#795    BuildScope._flushDirtyElements (package:flutter/src/widgets/framework.dart:2807:11)
#796    BuildOwner.buildScope (package:flutter/src/widgets/framework.dart:3111:18)
#797    AutomatedTestWidgetsFlutterBinding.drawFrame (package:flutter_test/src/binding.dart:1506:19)
#798    RendererBinding._handlePersistentFrameCallback (package:flutter/src/rendering/binding.dart:495:5)
#799    SchedulerBinding._invokeFrameCallback (package:flutter/src/scheduler/binding.dart:1434:15)
#800    SchedulerBinding.handleDrawFrame (package:flutter/src/scheduler/binding.dart:1347:9)
#801    AutomatedTestWidgetsFlutterBinding.pump.<anonymous closure> (package:flutter_test/src/binding.dart:1335:9)
#804    TestAsyncUtils.guard (package:flutter_test/src/test_async_utils.dart:74:41)
#805    AutomatedTestWidgetsFlutterBinding.pump (package:flutter_test/src/binding.dart:1324:27)
#806    WidgetTester.pumpWidget.<anonymous closure> (package:flutter_test/src/widget_tester.dart:598:22)
#809    TestAsyncUtils.guard (package:flutter_test/src/test_async_utils.dart:74:41)
#810    WidgetTester.pumpWidget (package:flutter_test/src/widget_tester.dart:595:27)
#811    main.<anonymous closure> (file:///D:/Releven/Bandait/test/presentation/pages/song_library_page_test.dart:45:18)
#812    testWidgets.<anonymous closure>.<anonymous closure> (package:flutter_test/src/widget_tester.dart:192:29)
<asynchronous suspension>
#813    TestWidgetsFlutterBinding._runTestBody (package:flutter_test/src/binding.dart:1059:5)
<asynchronous suspension>
<asynchronous suspension>
(elided 5 frames from dart:async and package:stack_trace)

ÔòÉÔòÉÔòÉÔòÉÔòÉÔòÉÔòÉÔòÉÔòÉÔòÉÔòÉÔòÉÔòÉÔòÉÔòÉÔòÉÔòÉÔòÉÔòÉÔòÉÔòÉÔòÉÔòÉÔòÉÔòÉÔòÉÔòÉÔòÉÔòÉÔòÉÔòÉÔòÉÔòÉÔòÉÔòÉÔòÉÔòÉÔòÉÔòÉÔòÉÔòÉÔòÉÔòÉÔòÉÔòÉÔòÉÔòÉÔòÉÔòÉÔòÉÔòÉÔòÉÔòÉÔòÉÔòÉÔòÉÔòÉÔòÉÔòÉÔòÉÔòÉÔòÉÔòÉÔòÉÔòÉÔòÉÔòÉÔòÉÔòÉÔòÉÔòÉÔòÉÔòÉÔòÉÔòÉÔòÉÔòÉÔòÉÔòÉÔòÉÔòÉÔòÉÔòÉÔòÉÔòÉÔòÉÔòÉÔòÉÔòÉÔòÉÔòÉÔòÉÔòÉÔòÉÔòÉÔòÉÔòÉÔòÉÔòÉÔòÉ
ÔòÉÔòÉÔòí EXCEPTION CAUGHT BY FLUTTER TEST FRAMEWORK Ôò×ÔòÉÔòÉÔòÉÔòÉÔòÉÔòÉÔòÉÔòÉÔòÉÔòÉÔòÉÔòÉÔòÉÔòÉÔòÉÔòÉÔòÉÔòÉÔòÉÔòÉÔòÉÔòÉÔòÉÔòÉÔòÉÔòÉÔòÉÔòÉÔòÉÔòÉÔòÉÔòÉÔòÉÔòÉÔòÉÔòÉÔòÉÔòÉÔòÉÔòÉÔòÉÔòÉÔòÉÔòÉÔòÉÔòÉÔòÉÔòÉÔòÉÔòÉÔòÉÔòÉ
The following TestFailure was thrown running a test:
Expected: exactly one matching candidate
  Actual: _TextWidgetFinder:<Found 0 widgets with text "SONG LIBRARY": []>
   Which: means none were found but one was expected

When the exception was thrown, this was the stack:
#4      main.<anonymous closure> (file:///D:/Releven/Bandait/test/presentation/pages/song_library_page_test.dart:48:5)
<asynchronous suspension>
#5      testWidgets.<anonymous closure>.<anonymous closure> (package:flutter_test/src/widget_tester.dart:192:15)
<asynchronous suspension>
#6      TestWidgetsFlutterBinding._runTestBody (package:flutter_test/src/binding.dart:1059:5)
<asynchronous suspension>
<asynchronous suspension>
(elided one frame from package:stack_trace)

This was caught by the test expectation on the following line:
  file:///D:/Releven/Bandait/test/presentation/pages/song_library_page_test.dart line 48
The test description was:
  SongLibraryPage displays list of songs
ÔòÉÔòÉÔòÉÔòÉÔòÉÔòÉÔòÉÔòÉÔòÉÔòÉÔòÉÔòÉÔòÉÔòÉÔòÉÔòÉÔòÉÔòÉÔòÉÔòÉÔòÉÔòÉÔòÉÔòÉÔòÉÔòÉÔòÉÔòÉÔòÉÔòÉÔòÉÔòÉÔòÉÔòÉÔòÉÔòÉÔòÉÔòÉÔòÉÔòÉÔòÉÔòÉÔòÉÔòÉÔòÉÔòÉÔòÉÔòÉÔòÉÔòÉÔòÉÔòÉÔòÉÔòÉÔòÉÔòÉÔòÉÔòÉÔòÉÔòÉÔòÉÔòÉÔòÉÔòÉÔòÉÔòÉÔòÉÔòÉÔòÉÔòÉÔòÉÔòÉÔòÉÔòÉÔòÉÔòÉÔòÉÔòÉÔòÉÔòÉÔòÉÔòÉÔòÉÔòÉÔòÉÔòÉÔòÉÔòÉÔòÉÔòÉÔòÉÔòÉÔòÉÔòÉÔòÉÔòÉÔòÉÔòÉÔòÉÔòÉ
ÔòÉÔòÉÔòí EXCEPTION CAUGHT BY FLUTTER TEST FRAMEWORK Ôò×ÔòÉÔòÉÔòÉÔòÉÔòÉÔòÉÔòÉÔòÉÔòÉÔòÉÔòÉÔòÉÔòÉÔòÉÔòÉÔòÉÔòÉÔòÉÔòÉÔòÉÔòÉÔòÉÔòÉÔòÉÔòÉÔòÉÔòÉÔòÉÔòÉÔòÉÔòÉÔòÉÔòÉÔòÉÔòÉÔòÉÔòÉÔòÉÔòÉÔòÉÔòÉÔòÉÔòÉÔòÉÔòÉÔòÉÔòÉÔòÉÔòÉÔòÉÔòÉÔòÉ
The following message was thrown:
Multiple exceptions (2) were detected during the running of the current test, and at least one was
unexpected.
ÔòÉÔòÉÔòÉÔòÉÔòÉÔòÉÔòÉÔòÉÔòÉÔòÉÔòÉÔòÉÔòÉÔòÉÔòÉÔòÉÔòÉÔòÉÔòÉÔòÉÔòÉÔòÉÔòÉÔòÉÔòÉÔòÉÔòÉÔòÉÔòÉÔòÉÔòÉÔòÉÔòÉÔòÉÔòÉÔòÉÔòÉÔòÉÔòÉÔòÉÔòÉÔòÉÔòÉÔòÉÔòÉÔòÉÔòÉÔòÉÔòÉÔòÉÔòÉÔòÉÔòÉÔòÉÔòÉÔòÉÔòÉÔòÉÔòÉÔòÉÔòÉÔòÉÔòÉÔòÉÔòÉÔòÉÔòÉÔòÉÔòÉÔòÉÔòÉÔòÉÔòÉÔòÉÔòÉÔòÉÔòÉÔòÉÔòÉÔòÉÔòÉÔòÉÔòÉÔòÉÔòÉÔòÉÔòÉÔòÉÔòÉÔòÉÔòÉÔòÉÔòÉÔòÉÔòÉÔòÉÔòÉÔòÉÔòÉÔòÉ
00:04 +11 -4: D:/Releven/Bandait/test/presentation/widgets/visual_metronome_test.dart: VisualMetronome renders child content and listens to stream
00:04 +11 -4: D:/Releven/Bandait/test/presentation/pages/song_library_page_test.dart: SongLibraryPage displays list of songs [E]
  Test failed. See exception logs above.
  The test description was: SongLibraryPage displays list of songs
  
00:05 +11 -4: D:/Releven/Bandait/test/presentation/widgets/visual_metronome_test.dart: VisualMetronome renders child content and listens to stream
ÔòÉÔòÉÔòí EXCEPTION CAUGHT BY WIDGETS LIBRARY Ôò×ÔòÉÔòÉÔòÉÔòÉÔòÉÔòÉÔòÉÔòÉÔòÉÔòÉÔòÉÔòÉÔòÉÔòÉÔòÉÔòÉÔòÉÔòÉÔòÉÔòÉÔòÉÔòÉÔòÉÔòÉÔòÉÔòÉÔòÉÔòÉÔòÉÔòÉÔòÉÔòÉÔòÉÔòÉÔòÉÔòÉÔòÉÔòÉÔòÉÔòÉÔòÉÔòÉÔòÉÔòÉÔòÉÔòÉÔòÉÔòÉÔòÉÔòÉÔòÉÔòÉÔòÉÔòÉÔòÉÔòÉÔòÉÔòÉÔòÉ
The following StateError was thrown building Builder:
Bad state: GetIt: Object/factory with type ClockService is not registered inside GetIt.
(Did you accidentally do GetIt sl=GetIt.instance(); instead of GetIt sl=GetIt.instance;
Did you forget to register it?)

The relevant error-causing widget was:
  MaterialApp
  MaterialApp:file:///D:/Releven/Bandait/test/presentation/widgets/visual_metronome_test.dart:34:13

When the exception was thrown, this was the stack:
#0      throwIfNot (package:get_it/get_it_impl.dart:14:19)
#1      _GetItImplementation._findFactoryByNameAndType (package:get_it/get_it_impl.dart:435:5)
#2      _GetItImplementation.get (package:get_it/get_it_impl.dart:463:29)
#3      _GetItImplementation.call (package:get_it/get_it_impl.dart:554:12)
#4      _VisualMetronomeState.initState (package:bandait/presentation/widgets/visual_metronome.dart:24:19)
#5      StatefulElement._firstBuild (package:flutter/src/widgets/framework.dart:5953:55)
#6      ComponentElement.mount (package:flutter/src/widgets/framework.dart:5796:5)
...     Normal element mounting (260 frames)
#266    Element.inflateWidget (package:flutter/src/widgets/framework.dart:4590:20)
#267    MultiChildRenderObjectElement.inflateWidget (package:flutter/src/widgets/framework.dart:7269:36)
#268    MultiChildRenderObjectElement.mount (package:flutter/src/widgets/framework.dart:7285:32)
...     Normal element mounting (465 frames)
#733    Element.inflateWidget (package:flutter/src/widgets/framework.dart:4590:20)
#734    Element.updateChild (package:flutter/src/widgets/framework.dart:4053:20)
#735    ComponentElement.performRebuild (package:flutter/src/widgets/framework.dart:5844:16)
#736    Element.rebuild (package:flutter/src/widgets/framework.dart:5532:7)
#737    ProxyElement.update (package:flutter/src/widgets/framework.dart:6152:5)
#738    _InheritedNotifierElement.update (package:flutter/src/widgets/inherited_notifier.dart:108:11)
#739    Element.updateChild (package:flutter/src/widgets/framework.dart:4037:15)
#740    ComponentElement.performRebuild (package:flutter/src/widgets/framework.dart:5844:16)
#741    StatefulElement.performRebuild (package:flutter/src/widgets/framework.dart:5985:11)
#742    Element.rebuild (package:flutter/src/widgets/framework.dart:5532:7)
#743    StatefulElement.update (package:flutter/src/widgets/framework.dart:6010:5)
#744    Element.updateChild (package:flutter/src/widgets/framework.dart:4037:15)
#745    ComponentElement.performRebuild (package:flutter/src/widgets/framework.dart:5844:16)
#746    Element.rebuild (package:flutter/src/widgets/framework.dart:5532:7)
#747    ProxyElement.update (package:flutter/src/widgets/framework.dart:6152:5)
#748    _InheritedNotifierElement.update (package:flutter/src/widgets/inherited_notifier.dart:108:11)
#749    Element.updateChild (package:flutter/src/widgets/framework.dart:4037:15)
#750    ComponentElement.performRebuild (package:flutter/src/widgets/framework.dart:5844:16)
#751    StatefulElement.performRebuild (package:flutter/src/widgets/framework.dart:5985:11)
#752    Element.rebuild (package:flutter/src/widgets/framework.dart:5532:7)
#753    StatefulElement.update (package:flutter/src/widgets/framework.dart:6010:5)
#754    Element.updateChild (package:flutter/src/widgets/framework.dart:4037:15)
#755    ComponentElement.performRebuild (package:flutter/src/widgets/framework.dart:5844:16)
#756    StatefulElement.performRebuild (package:flutter/src/widgets/framework.dart:5985:11)
#757    Element.rebuild (package:flutter/src/widgets/framework.dart:5532:7)
#758    StatefulElement.update (package:flutter/src/widgets/framework.dart:6010:5)
#759    Element.updateChild (package:flutter/src/widgets/framework.dart:4037:15)
#760    ComponentElement.performRebuild (package:flutter/src/widgets/framework.dart:5844:16)
#761    Element.rebuild (package:flutter/src/widgets/framework.dart:5532:7)
#762    ProxyElement.update (package:flutter/src/widgets/framework.dart:6152:5)
#763    Element.updateChild (package:flutter/src/widgets/framework.dart:4037:15)
#764    ComponentElement.performRebuild (package:flutter/src/widgets/framework.dart:5844:16)
#765    StatefulElement.performRebuild (package:flutter/src/widgets/framework.dart:5985:11)
#766    Element.rebuild (package:flutter/src/widgets/framework.dart:5532:7)
#767    StatefulElement.update (package:flutter/src/widgets/framework.dart:6010:5)
#768    Element.updateChild (package:flutter/src/widgets/framework.dart:4037:15)
#769    ComponentElement.performRebuild (package:flutter/src/widgets/framework.dart:5844:16)
#770    Element.rebuild (package:flutter/src/widgets/framework.dart:5532:7)
#771    ProxyElement.update (package:flutter/src/widgets/framework.dart:6152:5)
#772    Element.updateChild (package:flutter/src/widgets/framework.dart:4037:15)
#773    ComponentElement.performRebuild (package:flutter/src/widgets/framework.dart:5844:16)
#774    Element.rebuild (package:flutter/src/widgets/framework.dart:5532:7)
#775    ProxyElement.update (package:flutter/src/widgets/framework.dart:6152:5)
#776    Element.updateChild (package:flutter/src/widgets/framework.dart:4037:15)
#777    _RawViewElement._updateChild (package:flutter/src/widgets/view.dart:481:16)
#778    _RawViewElement.update (package:flutter/src/widgets/view.dart:568:5)
#779    Element.updateChild (package:flutter/src/widgets/framework.dart:4037:15)
#780    ComponentElement.performRebuild (package:flutter/src/widgets/framework.dart:5844:16)
#781    Element.rebuild (package:flutter/src/widgets/framework.dart:5532:7)
#782    StatelessElement.update (package:flutter/src/widgets/framework.dart:5898:5)
#783    Element.updateChild (package:flutter/src/widgets/framework.dart:4037:15)
#784    ComponentElement.performRebuild (package:flutter/src/widgets/framework.dart:5844:16)
#785    StatefulElement.performRebuild (package:flutter/src/widgets/framework.dart:5985:11)
#786    Element.rebuild (package:flutter/src/widgets/framework.dart:5532:7)
#787    StatefulElement.update (package:flutter/src/widgets/framework.dart:6010:5)
#788    Element.updateChild (package:flutter/src/widgets/framework.dart:4037:15)
#789    RootElement._rebuild (package:flutter/src/widgets/binding.dart:1782:16)
#790    RootElement.update (package:flutter/src/widgets/binding.dart:1760:5)
#791    RootElement.performRebuild (package:flutter/src/widgets/binding.dart:1774:7)
#792    Element.rebuild (package:flutter/src/widgets/framework.dart:5532:7)
#793    BuildScope._tryRebuild (package:flutter/src/widgets/framework.dart:2750:15)
#794    BuildScope._flushDirtyElements (package:flutter/src/widgets/framework.dart:2807:11)
#795    BuildOwner.buildScope (package:flutter/src/widgets/framework.dart:3111:18)
#796    AutomatedTestWidgetsFlutterBinding.drawFrame (package:flutter_test/src/binding.dart:1506:19)
#797    RendererBinding._handlePersistentFrameCallback (package:flutter/src/rendering/binding.dart:495:5)
#798    SchedulerBinding._invokeFrameCallback (package:flutter/src/scheduler/binding.dart:1434:15)
#799    SchedulerBinding.handleDrawFrame (package:flutter/src/scheduler/binding.dart:1347:9)
#800    AutomatedTestWidgetsFlutterBinding.pump.<anonymous closure> (package:flutter_test/src/binding.dart:1335:9)
#803    TestAsyncUtils.guard (package:flutter_test/src/test_async_utils.dart:74:41)
#804    AutomatedTestWidgetsFlutterBinding.pump (package:flutter_test/src/binding.dart:1324:27)
#805    WidgetTester.pumpWidget.<anonymous closure> (package:flutter_test/src/widget_tester.dart:598:22)
#808    TestAsyncUtils.guard (package:flutter_test/src/test_async_utils.dart:74:41)
#809    WidgetTester.pumpWidget (package:flutter_test/src/widget_tester.dart:595:27)
#810    main.<anonymous closure> (file:///D:/Releven/Bandait/test/presentation/widgets/visual_metronome_test.dart:33:18)
#811    testWidgets.<anonymous closure>.<anonymous closure> (package:flutter_test/src/widget_tester.dart:192:29)
<asynchronous suspension>
#812    TestWidgetsFlutterBinding._runTestBody (package:flutter_test/src/binding.dart:1059:5)
<asynchronous suspension>
<asynchronous suspension>
(elided 5 frames from dart:async and package:stack_trace)

ÔòÉÔòÉÔòÉÔòÉÔòÉÔòÉÔòÉÔòÉÔòÉÔòÉÔòÉÔòÉÔòÉÔòÉÔòÉÔòÉÔòÉÔòÉÔòÉÔòÉÔòÉÔòÉÔòÉÔòÉÔòÉÔòÉÔòÉÔòÉÔòÉÔòÉÔòÉÔòÉÔòÉÔòÉÔòÉÔòÉÔòÉÔòÉÔòÉÔòÉÔòÉÔòÉÔòÉÔòÉÔòÉÔòÉÔòÉÔòÉÔòÉÔòÉÔòÉÔòÉÔòÉÔòÉÔòÉÔòÉÔòÉÔòÉÔòÉÔòÉÔòÉÔòÉÔòÉÔòÉÔòÉÔòÉÔòÉÔòÉÔòÉÔòÉÔòÉÔòÉÔòÉÔòÉÔòÉÔòÉÔòÉÔòÉÔòÉÔòÉÔòÉÔòÉÔòÉÔòÉÔòÉÔòÉÔòÉÔòÉÔòÉÔòÉÔòÉÔòÉÔòÉÔòÉÔòÉÔòÉÔòÉÔòÉÔòÉÔòÉ
ÔòÉÔòÉÔòí EXCEPTION CAUGHT BY FLUTTER TEST FRAMEWORK Ôò×ÔòÉÔòÉÔòÉÔòÉÔòÉÔòÉÔòÉÔòÉÔòÉÔòÉÔòÉÔòÉÔòÉÔòÉÔòÉÔòÉÔòÉÔòÉÔòÉÔòÉÔòÉÔòÉÔòÉÔòÉÔòÉÔòÉÔòÉÔòÉÔòÉÔòÉÔòÉÔòÉÔòÉÔòÉÔòÉÔòÉÔòÉÔòÉÔòÉÔòÉÔòÉÔòÉÔòÉÔòÉÔòÉÔòÉÔòÉÔòÉÔòÉÔòÉÔòÉÔòÉ
The following TestFailure was thrown running a test:
Expected: exactly one matching candidate
  Actual: _TextWidgetFinder:<Found 0 widgets with text "I am the content": []>
   Which: means none were found but one was expected

When the exception was thrown, this was the stack:
#4      main.<anonymous closure> (file:///D:/Releven/Bandait/test/presentation/widgets/visual_metronome_test.dart:38:5)
<asynchronous suspension>
#5      testWidgets.<anonymous closure>.<anonymous closure> (package:flutter_test/src/widget_tester.dart:192:15)
<asynchronous suspension>
#6      TestWidgetsFlutterBinding._runTestBody (package:flutter_test/src/binding.dart:1059:5)
<asynchronous suspension>
<asynchronous suspension>
(elided one frame from package:stack_trace)

This was caught by the test expectation on the following line:
  file:///D:/Releven/Bandait/test/presentation/widgets/visual_metronome_test.dart line 38
The test description was:
  VisualMetronome renders child content and listens to stream
ÔòÉÔòÉÔòÉÔòÉÔòÉÔòÉÔòÉÔòÉÔòÉÔòÉÔòÉÔòÉÔòÉÔòÉÔòÉÔòÉÔòÉÔòÉÔòÉÔòÉÔòÉÔòÉÔòÉÔòÉÔòÉÔòÉÔòÉÔòÉÔòÉÔòÉÔòÉÔòÉÔòÉÔòÉÔòÉÔòÉÔòÉÔòÉÔòÉÔòÉÔòÉÔòÉÔòÉÔòÉÔòÉÔòÉÔòÉÔòÉÔòÉÔòÉÔòÉÔòÉÔòÉÔòÉÔòÉÔòÉÔòÉÔòÉÔòÉÔòÉÔòÉÔòÉÔòÉÔòÉÔòÉÔòÉÔòÉÔòÉÔòÉÔòÉÔòÉÔòÉÔòÉÔòÉÔòÉÔòÉÔòÉÔòÉÔòÉÔòÉÔòÉÔòÉÔòÉÔòÉÔòÉÔòÉÔòÉÔòÉÔòÉÔòÉÔòÉÔòÉÔòÉÔòÉÔòÉÔòÉÔòÉÔòÉÔòÉÔòÉ
ÔòÉÔòÉÔòí EXCEPTION CAUGHT BY FLUTTER TEST FRAMEWORK Ôò×ÔòÉÔòÉÔòÉÔòÉÔòÉÔòÉÔòÉÔòÉÔòÉÔòÉÔòÉÔòÉÔòÉÔòÉÔòÉÔòÉÔòÉÔòÉÔòÉÔòÉÔòÉÔòÉÔòÉÔòÉÔòÉÔòÉÔòÉÔòÉÔòÉÔòÉÔòÉÔòÉÔòÉÔòÉÔòÉÔòÉÔòÉÔòÉÔòÉÔòÉÔòÉÔòÉÔòÉÔòÉÔòÉÔòÉÔòÉÔòÉÔòÉÔòÉÔòÉÔòÉ
The following message was thrown:
Multiple exceptions (2) were detected during the running of the current test, and at least one was
unexpected.
ÔòÉÔòÉÔòÉÔòÉÔòÉÔòÉÔòÉÔòÉÔòÉÔòÉÔòÉÔòÉÔòÉÔòÉÔòÉÔòÉÔòÉÔòÉÔòÉÔòÉÔòÉÔòÉÔòÉÔòÉÔòÉÔòÉÔòÉÔòÉÔòÉÔòÉÔòÉÔòÉÔòÉÔòÉÔòÉÔòÉÔòÉÔòÉÔòÉÔòÉÔòÉÔòÉÔòÉÔòÉÔòÉÔòÉÔòÉÔòÉÔòÉÔòÉÔòÉÔòÉÔòÉÔòÉÔòÉÔòÉÔòÉÔòÉÔòÉÔòÉÔòÉÔòÉÔòÉÔòÉÔòÉÔòÉÔòÉÔòÉÔòÉÔòÉÔòÉÔòÉÔòÉÔòÉÔòÉÔòÉÔòÉÔòÉÔòÉÔòÉÔòÉÔòÉÔòÉÔòÉÔòÉÔòÉÔòÉÔòÉÔòÉÔòÉÔòÉÔòÉÔòÉÔòÉÔòÉÔòÉÔòÉÔòÉÔòÉÔòÉ
00:05 +11 -5: D:/Releven/Bandait/test/presentation/widgets/visual_metronome_test.dart: VisualMetronome renders child content and listens to stream [E]
  Test failed. See exception logs above.
  The test description was: VisualMetronome renders child content and listens to stream
  
00:05 +11 -5: D:/Releven/Bandait/test/widget_test.dart: Counter increments smoke test
ÔòÉÔòÉÔòí EXCEPTION CAUGHT BY WIDGETS LIBRARY Ôò×ÔòÉÔòÉÔòÉÔòÉÔòÉÔòÉÔòÉÔòÉÔòÉÔòÉÔòÉÔòÉÔòÉÔòÉÔòÉÔòÉÔòÉÔòÉÔòÉÔòÉÔòÉÔòÉÔòÉÔòÉÔòÉÔòÉÔòÉÔòÉÔòÉÔòÉÔòÉÔòÉÔòÉÔòÉÔòÉÔòÉÔòÉÔòÉÔòÉÔòÉÔòÉÔòÉÔòÉÔòÉÔòÉÔòÉÔòÉÔòÉÔòÉÔòÉÔòÉÔòÉÔòÉÔòÉÔòÉÔòÉÔòÉÔòÉÔòÉ
The following StateError was thrown building Builder:
Bad state: GetIt: Object/factory with type SessionRepository is not registered inside GetIt.
(Did you accidentally do GetIt sl=GetIt.instance(); instead of GetIt sl=GetIt.instance;
Did you forget to register it?)

The relevant error-causing widget was:
  MaterialApp MaterialApp:file:///D:/Releven/Bandait/lib/main.dart:48:12

When the exception was thrown, this was the stack:
#0      throwIfNot (package:get_it/get_it_impl.dart:14:19)
#1      _GetItImplementation._findFactoryByNameAndType (package:get_it/get_it_impl.dart:435:5)
#2      _GetItImplementation.get (package:get_it/get_it_impl.dart:463:29)
#3      _GetItImplementation.call (package:get_it/get_it_impl.dart:554:12)
#4      new _ProfileSelectionPageState (package:bandait/presentation/pages/profile_selection_page.dart:21:29)
#5      ProfileSelectionPage.createState (package:bandait/presentation/pages/profile_selection_page.dart:17:48)
#6      new StatefulElement (package:flutter/src/widgets/framework.dart:5905:60)
#7      StatefulWidget.createElement (package:flutter/src/widgets/framework.dart:779:38)
...     Normal element mounting (260 frames)
#267    Element.inflateWidget (package:flutter/src/widgets/framework.dart:4590:20)
#268    MultiChildRenderObjectElement.inflateWidget (package:flutter/src/widgets/framework.dart:7269:36)
#269    MultiChildRenderObjectElement.mount (package:flutter/src/widgets/framework.dart:7285:32)
...     Normal element mounting (454 frames)
#723    Element.inflateWidget (package:flutter/src/widgets/framework.dart:4590:20)
#724    Element.updateChild (package:flutter/src/widgets/framework.dart:4053:20)
#725    ComponentElement.performRebuild (package:flutter/src/widgets/framework.dart:5844:16)
#726    Element.rebuild (package:flutter/src/widgets/framework.dart:5532:7)
#727    ProxyElement.update (package:flutter/src/widgets/framework.dart:6152:5)
#728    _InheritedNotifierElement.update (package:flutter/src/widgets/inherited_notifier.dart:108:11)
#729    Element.updateChild (package:flutter/src/widgets/framework.dart:4037:15)
#730    ComponentElement.performRebuild (package:flutter/src/widgets/framework.dart:5844:16)
#731    StatefulElement.performRebuild (package:flutter/src/widgets/framework.dart:5985:11)
#732    Element.rebuild (package:flutter/src/widgets/framework.dart:5532:7)
#733    StatefulElement.update (package:flutter/src/widgets/framework.dart:6010:5)
#734    Element.updateChild (package:flutter/src/widgets/framework.dart:4037:15)
#735    ComponentElement.performRebuild (package:flutter/src/widgets/framework.dart:5844:16)
#736    Element.rebuild (package:flutter/src/widgets/framework.dart:5532:7)
#737    ProxyElement.update (package:flutter/src/widgets/framework.dart:6152:5)
#738    _InheritedNotifierElement.update (package:flutter/src/widgets/inherited_notifier.dart:108:11)
#739    Element.updateChild (package:flutter/src/widgets/framework.dart:4037:15)
#740    ComponentElement.performRebuild (package:flutter/src/widgets/framework.dart:5844:16)
#741    StatefulElement.performRebuild (package:flutter/src/widgets/framework.dart:5985:11)
#742    Element.rebuild (package:flutter/src/widgets/framework.dart:5532:7)
#743    StatefulElement.update (package:flutter/src/widgets/framework.dart:6010:5)
#744    Element.updateChild (package:flutter/src/widgets/framework.dart:4037:15)
#745    ComponentElement.performRebuild (package:flutter/src/widgets/framework.dart:5844:16)
#746    StatefulElement.performRebuild (package:flutter/src/widgets/framework.dart:5985:11)
#747    Element.rebuild (package:flutter/src/widgets/framework.dart:5532:7)
#748    StatefulElement.update (package:flutter/src/widgets/framework.dart:6010:5)
#749    Element.updateChild (package:flutter/src/widgets/framework.dart:4037:15)
#750    ComponentElement.performRebuild (package:flutter/src/widgets/framework.dart:5844:16)
#751    Element.rebuild (package:flutter/src/widgets/framework.dart:5532:7)
#752    ProxyElement.update (package:flutter/src/widgets/framework.dart:6152:5)
#753    Element.updateChild (package:flutter/src/widgets/framework.dart:4037:15)
#754    ComponentElement.performRebuild (package:flutter/src/widgets/framework.dart:5844:16)
#755    StatefulElement.performRebuild (package:flutter/src/widgets/framework.dart:5985:11)
#756    Element.rebuild (package:flutter/src/widgets/framework.dart:5532:7)
#757    StatefulElement.update (package:flutter/src/widgets/framework.dart:6010:5)
#758    Element.updateChild (package:flutter/src/widgets/framework.dart:4037:15)
#759    ComponentElement.performRebuild (package:flutter/src/widgets/framework.dart:5844:16)
#760    Element.rebuild (package:flutter/src/widgets/framework.dart:5532:7)
#761    ProxyElement.update (package:flutter/src/widgets/framework.dart:6152:5)
#762    Element.updateChild (package:flutter/src/widgets/framework.dart:4037:15)
#763    ComponentElement.performRebuild (package:flutter/src/widgets/framework.dart:5844:16)
#764    Element.rebuild (package:flutter/src/widgets/framework.dart:5532:7)
#765    ProxyElement.update (package:flutter/src/widgets/framework.dart:6152:5)
#766    Element.updateChild (package:flutter/src/widgets/framework.dart:4037:15)
#767    _RawViewElement._updateChild (package:flutter/src/widgets/view.dart:481:16)
#768    _RawViewElement.update (package:flutter/src/widgets/view.dart:568:5)
#769    Element.updateChild (package:flutter/src/widgets/framework.dart:4037:15)
#770    ComponentElement.performRebuild (package:flutter/src/widgets/framework.dart:5844:16)
#771    Element.rebuild (package:flutter/src/widgets/framework.dart:5532:7)
#772    StatelessElement.update (package:flutter/src/widgets/framework.dart:5898:5)
#773    Element.updateChild (package:flutter/src/widgets/framework.dart:4037:15)
#774    ComponentElement.performRebuild (package:flutter/src/widgets/framework.dart:5844:16)
#775    StatefulElement.performRebuild (package:flutter/src/widgets/framework.dart:5985:11)
#776    Element.rebuild (package:flutter/src/widgets/framework.dart:5532:7)
#777    StatefulElement.update (package:flutter/src/widgets/framework.dart:6010:5)
#778    Element.updateChild (package:flutter/src/widgets/framework.dart:4037:15)
#779    RootElement._rebuild (package:flutter/src/widgets/binding.dart:1782:16)
#780    RootElement.update (package:flutter/src/widgets/binding.dart:1760:5)
#781    RootElement.performRebuild (package:flutter/src/widgets/binding.dart:1774:7)
#782    Element.rebuild (package:flutter/src/widgets/framework.dart:5532:7)
#783    BuildScope._tryRebuild (package:flutter/src/widgets/framework.dart:2750:15)
#784    BuildScope._flushDirtyElements (package:flutter/src/widgets/framework.dart:2807:11)
#785    BuildOwner.buildScope (package:flutter/src/widgets/framework.dart:3111:18)
#786    AutomatedTestWidgetsFlutterBinding.drawFrame (package:flutter_test/src/binding.dart:1506:19)
#787    RendererBinding._handlePersistentFrameCallback (package:flutter/src/rendering/binding.dart:495:5)
#788    SchedulerBinding._invokeFrameCallback (package:flutter/src/scheduler/binding.dart:1434:15)
#789    SchedulerBinding.handleDrawFrame (package:flutter/src/scheduler/binding.dart:1347:9)
#790    AutomatedTestWidgetsFlutterBinding.pump.<anonymous closure> (package:flutter_test/src/binding.dart:1335:9)
#793    TestAsyncUtils.guard (package:flutter_test/src/test_async_utils.dart:74:41)
#794    AutomatedTestWidgetsFlutterBinding.pump (package:flutter_test/src/binding.dart:1324:27)
#795    WidgetTester.pumpWidget.<anonymous closure> (package:flutter_test/src/widget_tester.dart:598:22)
#798    TestAsyncUtils.guard (package:flutter_test/src/test_async_utils.dart:74:41)
#799    WidgetTester.pumpWidget (package:flutter_test/src/widget_tester.dart:595:27)
#800    main.<anonymous closure> (file:///D:/Releven/Bandait/test/widget_test.dart:16:18)
#801    testWidgets.<anonymous closure>.<anonymous closure> (package:flutter_test/src/widget_tester.dart:192:29)
<asynchronous suspension>
#802    TestWidgetsFlutterBinding._runTestBody (package:flutter_test/src/binding.dart:1059:5)
<asynchronous suspension>
<asynchronous suspension>
(elided 5 frames from dart:async and package:stack_trace)

ÔòÉÔòÉÔòÉÔòÉÔòÉÔòÉÔòÉÔòÉÔòÉÔòÉÔòÉÔòÉÔòÉÔòÉÔòÉÔòÉÔòÉÔòÉÔòÉÔòÉÔòÉÔòÉÔòÉÔòÉÔòÉÔòÉÔòÉÔòÉÔòÉÔòÉÔòÉÔòÉÔòÉÔòÉÔòÉÔòÉÔòÉÔòÉÔòÉÔòÉÔòÉÔòÉÔòÉÔòÉÔòÉÔòÉÔòÉÔòÉÔòÉÔòÉÔòÉÔòÉÔòÉÔòÉÔòÉÔòÉÔòÉÔòÉÔòÉÔòÉÔòÉÔòÉÔòÉÔòÉÔòÉÔòÉÔòÉÔòÉÔòÉÔòÉÔòÉÔòÉÔòÉÔòÉÔòÉÔòÉÔòÉÔòÉÔòÉÔòÉÔòÉÔòÉÔòÉÔòÉÔòÉÔòÉÔòÉÔòÉÔòÉÔòÉÔòÉÔòÉÔòÉÔòÉÔòÉÔòÉÔòÉÔòÉÔòÉÔòÉ
ÔòÉÔòÉÔòí EXCEPTION CAUGHT BY FLUTTER TEST FRAMEWORK Ôò×ÔòÉÔòÉÔòÉÔòÉÔòÉÔòÉÔòÉÔòÉÔòÉÔòÉÔòÉÔòÉÔòÉÔòÉÔòÉÔòÉÔòÉÔòÉÔòÉÔòÉÔòÉÔòÉÔòÉÔòÉÔòÉÔòÉÔòÉÔòÉÔòÉÔòÉÔòÉÔòÉÔòÉÔòÉÔòÉÔòÉÔòÉÔòÉÔòÉÔòÉÔòÉÔòÉÔòÉÔòÉÔòÉÔòÉÔòÉÔòÉÔòÉÔòÉÔòÉÔòÉ
The following TestFailure was thrown running a test:
Expected: exactly one matching candidate
  Actual: _TextWidgetFinder:<Found 0 widgets with text "0": []>
   Which: means none were found but one was expected

When the exception was thrown, this was the stack:
#4      main.<anonymous closure> (file:///D:/Releven/Bandait/test/widget_test.dart:19:5)
<asynchronous suspension>
#5      testWidgets.<anonymous closure>.<anonymous closure> (package:flutter_test/src/widget_tester.dart:192:15)
<asynchronous suspension>
#6      TestWidgetsFlutterBinding._runTestBody (package:flutter_test/src/binding.dart:1059:5)
<asynchronous suspension>
<asynchronous suspension>
(elided one frame from package:stack_trace)

This was caught by the test expectation on the following line:
  file:///D:/Releven/Bandait/test/widget_test.dart line 19
The test description was:
  Counter increments smoke test
ÔòÉÔòÉÔòÉÔòÉÔòÉÔòÉÔòÉÔòÉÔòÉÔòÉÔòÉÔòÉÔòÉÔòÉÔòÉÔòÉÔòÉÔòÉÔòÉÔòÉÔòÉÔòÉÔòÉÔòÉÔòÉÔòÉÔòÉÔòÉÔòÉÔòÉÔòÉÔòÉÔòÉÔòÉÔòÉÔòÉÔòÉÔòÉÔòÉÔòÉÔòÉÔòÉÔòÉÔòÉÔòÉÔòÉÔòÉÔòÉÔòÉÔòÉÔòÉÔòÉÔòÉÔòÉÔòÉÔòÉÔòÉÔòÉÔòÉÔòÉÔòÉÔòÉÔòÉÔòÉÔòÉÔòÉÔòÉÔòÉÔòÉÔòÉÔòÉÔòÉÔòÉÔòÉÔòÉÔòÉÔòÉÔòÉÔòÉÔòÉÔòÉÔòÉÔòÉÔòÉÔòÉÔòÉÔòÉÔòÉÔòÉÔòÉÔòÉÔòÉÔòÉÔòÉÔòÉÔòÉÔòÉÔòÉÔòÉÔòÉ
ÔòÉÔòÉÔòí EXCEPTION CAUGHT BY FLUTTER TEST FRAMEWORK Ôò×ÔòÉÔòÉÔòÉÔòÉÔòÉÔòÉÔòÉÔòÉÔòÉÔòÉÔòÉÔòÉÔòÉÔòÉÔòÉÔòÉÔòÉÔòÉÔòÉÔòÉÔòÉÔòÉÔòÉÔòÉÔòÉÔòÉÔòÉÔòÉÔòÉÔòÉÔòÉÔòÉÔòÉÔòÉÔòÉÔòÉÔòÉÔòÉÔòÉÔòÉÔòÉÔòÉÔòÉÔòÉÔòÉÔòÉÔòÉÔòÉÔòÉÔòÉÔòÉÔòÉ
The following message was thrown:
Multiple exceptions (2) were detected during the running of the current test, and at least one was
unexpected.
ÔòÉÔòÉÔòÉÔòÉÔòÉÔòÉÔòÉÔòÉÔòÉÔòÉÔòÉÔòÉÔòÉÔòÉÔòÉÔòÉÔòÉÔòÉÔòÉÔòÉÔòÉÔòÉÔòÉÔòÉÔòÉÔòÉÔòÉÔòÉÔòÉÔòÉÔòÉÔòÉÔòÉÔòÉÔòÉÔòÉÔòÉÔòÉÔòÉÔòÉÔòÉÔòÉÔòÉÔòÉÔòÉÔòÉÔòÉÔòÉÔòÉÔòÉÔòÉÔòÉÔòÉÔòÉÔòÉÔòÉÔòÉÔòÉÔòÉÔòÉÔòÉÔòÉÔòÉÔòÉÔòÉÔòÉÔòÉÔòÉÔòÉÔòÉÔòÉÔòÉÔòÉÔòÉÔòÉÔòÉÔòÉÔòÉÔòÉÔòÉÔòÉÔòÉÔòÉÔòÉÔòÉÔòÉÔòÉÔòÉÔòÉÔòÉÔòÉÔòÉÔòÉÔòÉÔòÉÔòÉÔòÉÔòÉÔòÉÔòÉ
00:06 +11 -6: D:/Releven/Bandait/test/widget_test.dart: Counter increments smoke test [E]
  Test failed. See exception logs above.
  The test description was: Counter increments smoke test
  
00:06 +11 -6: Some tests failed.
